 gcc -g p6final.c
îº§ gdb a.out
GNU gdb (Ubuntu 8.1.1-0ubuntu1) 8.1.1
Copyright (C) 2018 Free Software Foundation, Inc.
License GPLv3+: GNU GPL version 3 or later <http://gnu.org/licenses/gpl.html>
This is free software: you are free to change and redistribute it.
There is NO WARRANTY, to the extent permitted by law.  Type "show copying"
and "show warranty" for details.
This GDB was configured as "x86_64-linux-gnu".
Type "show configuration" for configuration details.
For bug reporting instructions, please see:
<http://www.gnu.org/software/gdb/bugs/>.
Find the GDB manual and other documentation resources online at:
<http://www.gnu.org/software/gdb/documentation/>.
For help, type "help".
Type "apropos word" to search for commands related to "word"...
Reading symbols from a.out...done.
(gdb) b main
Breakpoint 1 at 0x8be: file p6final.c, line 38.
(gdb) r
Starting program: /home/runner/pps-IA1-practice/a.out 
warning: Error disabling address space randomization: Operation not permitted

Breakpoint 1, main () at p6final.c:38
38  {
(gdb) n
42    input_two_string(a,b);
(gdb) s
input_two_string (a=0x7ffde60b6390 "\ag\265\027\227\177", 
    b=0x7ffde60b6400 "") at p6final.c:4
4     printf("ENTER TWO STRINGS\n");
(gdb) n
ENTER TWO STRINGS
5     scanf("%s%s",a,b);
(gdb) n
hello
world
6   }
(gdb) n
main () at p6final.c:43
43    result=strcmp(a,b);
(gdb) s
strcmp (a=0x7ffde60b6390 "hello", b=0x7ffde60b6400 "world")
    at p6final.c:10
10    for(int i=0;*a!='\0'&&*b!='\0';i++)
(gdb) n
12      if(*a!=*b)
(gdb) n
14        break;
(gdb) n
19    result=*a-*b;
(gdb) n
20    return result;
(gdb) p result
$1 = -15
(gdb) n
21  }
(gdb) n
main () at p6final.c:44
44    output(a,b,result);
(gdb) s
output (a=0x7ffde60b6390 "hello", b=0x7ffde60b6400 "world", result=-15)
    at p6final.c:24
24    if(result>0)
(gdb) n
28    else if(result<0)
(gdb) n
30      printf("%s is greater than %s \n",b,a);
(gdb) n
world is greater than hello 
36  }
(gdb) n
main () at p6final.c:45
45    return 0;
(gdb) n
46  }(gdb) q